
> jingli-frontend@0.0.0 build
> tsc -b && vite build

src/components/AddFacilityModal.tsx(55,17): error TS2353: Object literal may only specify known properties, and 'description' does not exist in type '{ id?: string | undefined; name: string; type: "other" | "classroom" | "lab" | "auditorium" | "sports_ground"; capacity: number; status?: "available" | "occupied" | "maintenance" | undefined; created_at?: string | undefined; }'.
src/components/AddStaffModal.tsx(56,17): error TS2561: Object literal may only specify known properties, but 'employee_id' does not exist in type 'CreateStaffDto'. Did you mean to write 'employeeId'?
src/components/AddStudentModal.tsx(53,17): error TS2353: Object literal may only specify known properties, and 'student_id' does not exist in type 'CreateStudentDto'.
src/components/common/DataTable.tsx(68,43): error TS2304: Cannot find name 'IconSearch'.
src/components/common/DataTable.tsx(77,59): error TS2304: Cannot find name 'IconDownload'.
src/components/MarkAttendanceModal.tsx(62,19): error TS2322: Type '{ studentName: any; status: "present"; }[]' is not assignable to type 'AttendanceRecord[]'.
  Property 'studentId' is missing in type '{ studentName: any; status: "present"; }' but required in type 'AttendanceRecord'.
src/pages/ClassDetail.tsx(433,33): error TS2322: Type 'TimetableEntry[]' is not assignable to type 'import("C:/arvip/jingli/frontend/src/types/academics").TimetableEntry[]'.
  Type 'TimetableEntry' is missing the following properties from type 'TimetableEntry': sectionId, subjectId, teacherId
src/pages/finance/InvoiceActions.tsx(8,32): error TS2307: Cannot find module '../services/financeService' or its corresponding type declarations.
src/pages/finance/InvoiceActions.tsx(9,30): error TS2307: Cannot find module '../types/finance' or its corresponding type declarations.
src/pages/Reports.tsx(110,52): error TS2322: Type 'readonly [{ readonly value: "students"; readonly label: "All Students"; readonly filters: readonly ["classLevelId", "status", "gender", "fromDate", "toDate"]; }, { readonly value: "students-arrears"; readonly label: "Students in Arrears"; readonly filters: readonly [...]; }, { ...; }, { ...; }, { ...; }, { ...; }] |...' is not assignable to type '{ readonly value: "students"; readonly label: "All Students"; readonly filters: readonly ["classLevelId", "status", "gender", "fromDate", "toDate"]; } | { readonly value: "students-arrears"; readonly label: "Students in Arrears"; readonly filters: readonly [...]; } | ... 4 more ... | readonly ({ ...; } | ... 4 more ...'.
  Type 'readonly [{ readonly value: "staff"; readonly label: "All Staff"; readonly filters: readonly ["department", "designation", "fromDate", "toDate"]; }, { readonly value: "staff-by-dept"; readonly label: "Staff by Department"; readonly filters: readonly []; }]' is not assignable to type '{ readonly value: "students"; readonly label: "All Students"; readonly filters: readonly ["classLevelId", "status", "gender", "fromDate", "toDate"]; } | { readonly value: "students-arrears"; readonly label: "Students in Arrears"; readonly filters: readonly [...]; } | ... 4 more ... | readonly ({ ...; } | ... 4 more ...'.
    Type 'readonly [{ readonly value: "staff"; readonly label: "All Staff"; readonly filters: readonly ["department", "designation", "fromDate", "toDate"]; }, { readonly value: "staff-by-dept"; readonly label: "Staff by Department"; readonly filters: readonly []; }]' is not assignable to type 'readonly ({ readonly value: "students"; readonly label: "All Students"; readonly filters: readonly ["classLevelId", "status", "gender", "fromDate", "toDate"]; } | { readonly value: "students-arrears"; readonly label: "Students in Arrears"; readonly filters: readonly [...]; } | { ...; } | { ...; } | { ...; } | { ...;...'.
      Type '{ readonly value: "staff"; readonly label: "All Staff"; readonly filters: readonly ["department", "designation", "fromDate", "toDate"]; } | { readonly value: "staff-by-dept"; readonly label: "Staff by Department"; readonly filters: readonly []; }' is not assignable to type '{ readonly value: "students"; readonly label: "All Students"; readonly filters: readonly ["classLevelId", "status", "gender", "fromDate", "toDate"]; } | { readonly value: "students-arrears"; readonly label: "Students in Arrears"; readonly filters: readonly [...]; } | { ...; } | { ...; } | { ...; } | { ...; }'.
        Type '{ readonly value: "staff"; readonly label: "All Staff"; readonly filters: readonly ["department", "designation", "fromDate", "toDate"]; }' is not assignable to type '{ readonly value: "students"; readonly label: "All Students"; readonly filters: readonly ["classLevelId", "status", "gender", "fromDate", "toDate"]; } | { readonly value: "students-arrears"; readonly label: "Students in Arrears"; readonly filters: readonly [...]; } | { ...; } | { ...; } | { ...; } | { ...; }'.
          Type '{ readonly value: "staff"; readonly label: "All Staff"; readonly filters: readonly ["department", "designation", "fromDate", "toDate"]; }' is not assignable to type '{ readonly value: "new-enrollments"; readonly label: "New Enrollments"; readonly filters: readonly ["fromDate", "toDate"]; }'.
            Types of property 'value' are incompatible.
              Type '"staff"' is not assignable to type '"new-enrollments"'.
src/pages/Reports.tsx(251,55): error TS18046: 'r' is of type 'unknown'.
src/pages/Reports.tsx(252,58): error TS2339: Property 'filters' does not exist on type '{}'.
